[0]:[0]
[1, 2]:[1]
[3]:[2]
[4, 5]:[3]
[6]:[4]
[7]:[5]
[8]:[6]
[9, 10]:[7]
[11]:[8, 9]
[12]:[10]
[13]:[11]
[14]:[12]
[15]:[13]
[16]:[14]